<?xml version="1.0" encoding="UTF-8"?>
<testsuites name="jest tests" tests="2" failures="0" errors="0" time="1.624">
  <testsuite name="health endpoint" errors="0" failures="0" skipped="0" timestamp="2025-09-23T23:50:21" time="1.16" tests="1">
    <testcase classname="health endpoint returns 200 OK" name="health endpoint returns 200 OK" time="0.046">
    </testcase>
  </testsuite>
  <testsuite name="auth + todos flow" errors="0" failures="0" skipped="0" timestamp="2025-09-23T23:50:21" time="1.295" tests="1">
    <testcase classname="auth + todos flow creates, lists, updates and deletes todos" name="auth + todos flow creates, lists, updates and deletes todos" time="0.176">
    </testcase>
  </testsuite>
</testsuites>